// Jest Snapshot v1, https://goo.gl/fbAQLP

exports[`ScoreBoard component should match snapshot 1`] = `
.c1 {
  width: 500px;
  height: 30px;
  border-radius: 5px;
  background-color: #27ae60;
  color: white;
  display: -webkit-box;
  display: -webkit-flex;
  display: -ms-flexbox;
  display: flex;
  -webkit-flex-flow: row no-wrap;
  -ms-flex-flow: row no-wrap;
  flex-flow: row no-wrap;
  -webkit-box-pack: center;
  -webkit-justify-content: center;
  -ms-flex-pack: center;
  justify-content: center;
  -webkit-align-items: center;
  -webkit-box-align: center;
  -ms-flex-align: center;
  align-items: center;
  margin: 0 15px;
  font-family: -apple-system,BlinkMacSystemFont,sans-serif;
  font-weight: bold;
}

.c0 {
  display: -webkit-box;
  display: -webkit-flex;
  display: -ms-flexbox;
  display: flex;
  -webkit-flex-flow: row no-wrap;
  -ms-flex-flow: row no-wrap;
  flex-flow: row no-wrap;
  -webkit-box-pack: center;
  -webkit-justify-content: center;
  -ms-flex-pack: center;
  justify-content: center;
  padding: 20px 0;
}

<div
  className="c0"
>
  <div
    className="c1"
  >
    <span>
      You have earned 200 points in total!
    </span>
  </div>
</div>
`;
