// Jest Snapshot v1, https://goo.gl/fbAQLP

exports[`OneHandedBanditControls Component should match snapshot 1`] = `
.c1 {
  width: 200px;
  height: 45px;
  border-radius: 5px;
  background-color: #2d3436;
  color: #fff;
  opacity: 1;
  display: -webkit-box;
  display: -webkit-flex;
  display: -ms-flexbox;
  display: flex;
  -webkit-flex-flow: row no-wrap;
  -ms-flex-flow: row no-wrap;
  flex-flow: row no-wrap;
  -webkit-box-pack: center;
  -webkit-justify-content: center;
  -ms-flex-pack: center;
  justify-content: center;
  -webkit-align-items: center;
  -webkit-box-align: center;
  -ms-flex-align: center;
  align-items: center;
  border: 2px solid #2d3436;
  margin: 0 15px;
  font-family: -apple-system,BlinkMacSystemFont,sans-serif;
  font-weight: bold;
  cursor: pointer;
}

.c2 {
  width: 200px;
  height: 45px;
  border-radius: 5px;
  background-color: #fff;
  color: #2d3436;
  opacity: 0.5;
  display: -webkit-box;
  display: -webkit-flex;
  display: -ms-flexbox;
  display: flex;
  -webkit-flex-flow: row no-wrap;
  -ms-flex-flow: row no-wrap;
  flex-flow: row no-wrap;
  -webkit-box-pack: center;
  -webkit-justify-content: center;
  -ms-flex-pack: center;
  justify-content: center;
  -webkit-align-items: center;
  -webkit-box-align: center;
  -ms-flex-align: center;
  align-items: center;
  border: 2px solid #2d3436;
  margin: 0 15px;
  font-family: -apple-system,BlinkMacSystemFont,sans-serif;
  font-weight: bold;
  cursor: pointer;
}

.c0 {
  display: -webkit-box;
  display: -webkit-flex;
  display: -ms-flexbox;
  display: flex;
  -webkit-flex-flow: row no-wrap;
  -ms-flex-flow: row no-wrap;
  flex-flow: row no-wrap;
  -webkit-box-pack: center;
  -webkit-justify-content: center;
  -ms-flex-pack: center;
  justify-content: center;
  padding: 20px 0;
}

<div
  className="c0"
>
  <div
    className="c1"
    onClick={[Function]}
  >
    <span>
      Start
    </span>
  </div>
  <div
    className="c2"
    onClick={[Function]}
  >
    <span>
      Finish
    </span>
  </div>
</div>
`;
