// Jest Snapshot v1, https://goo.gl/fbAQLP

exports[`OneHandedBanditSpinner Component should match the snapshot 1`] = `
.c0 {
  display: -webkit-box;
  display: -webkit-flex;
  display: -ms-flexbox;
  display: flex;
  -webkit-flex-flow: row no-wrap;
  -ms-flex-flow: row no-wrap;
  flex-flow: row no-wrap;
  -webkit-box-pack: center;
  -webkit-justify-content: center;
  -ms-flex-pack: center;
  justify-content: center;
  -webkit-align-items: center;
  -webkit-box-align: center;
  -ms-flex-align: center;
  align-items: center;
  padding: 20px 0;
}

.c1 {
  width: 100px;
  height: 100px;
}

<div
  className="c0"
>
  <img
    className="c1"
    src="img"
  />
  <img
    className="c1"
    src="img"
  />
  <img
    className="c1"
    src="img"
  />
  <img
    className="c1"
    src="img"
  />
</div>
`;
